// Jest Snapshot v1, https://goo.gl/fbAQLP

exports[`Render accessibility header 1`] = `
<header
  className="accessibility-header"
>
  <ul
    className="accessibility-header__list"
  >
    <li
      className="accessibility-header__list-item"
    >
      <a
        className="link"
        href="#"
        onClick={[Function]}
      >
        <svg
          aria-hidden={true}
          className="MuiSvgIcon-root MuiSvgIcon-fontSizeMedium css-i4bv87-MuiSvgIcon-root"
          data-testid="ZoomInOutlinedIcon"
          focusable="false"
          viewBox="0 0 24 24"
        >
          <path
            d="M15.5 14h-.79l-.28-.27C15.41 12.59 16 11.11 16 9.5 16 5.91 13.09 3 9.5 3S3 5.91 3 9.5 5.91 16 9.5 16c1.61 0 3.09-.59 4.23-1.57l.27.28v.79l5 4.99L20.49 19l-4.99-5zm-6 0C7.01 14 5 11.99 5 9.5S7.01 5 9.5 5 14 7.01 14 9.5 11.99 14 9.5 14zm.5-7H9v2H7v1h2v2h1v-2h2V9h-2z"
          />
        </svg>
        Vergroten
      </a>
    </li>
    <li
      className="accessibility-header__list-item"
    >
      <a
        className="link"
        href="#"
        onClick={[Function]}
      >
        <svg
          aria-hidden={true}
          className="MuiSvgIcon-root MuiSvgIcon-fontSizeMedium css-i4bv87-MuiSvgIcon-root"
          data-testid="FontDownloadOutlinedIcon"
          focusable="false"
          viewBox="0 0 24 24"
        >
          <path
            d="M9.17 15.5h5.64l1.14 3h2.09l-5.11-13h-1.86l-5.11 13h2.09l1.12-3zM12 7.98l2.07 5.52H9.93L12 7.98zM20 2H4c-1.1 0-2 .9-2 2v16c0 1.1.9 2 2 2h16c1.1 0 2-.9 2-2V4c0-1.1-.9-2-2-2zm0 18H4V4h16v16z"
          />
        </svg>
        Dyslexie
      </a>
    </li>
    <li
      className="accessibility-header__list-item"
    >
      <a
        className="link"
        href="#"
        onClick={[Function]}
      >
        <svg
          aria-hidden={true}
          className="MuiSvgIcon-root MuiSvgIcon-fontSizeMedium css-i4bv87-MuiSvgIcon-root"
          data-testid="PrintOutlinedIcon"
          focusable="false"
          viewBox="0 0 24 24"
        >
          <path
            d="M19 8h-1V3H6v5H5c-1.66 0-3 1.34-3 3v6h4v4h12v-4h4v-6c0-1.66-1.34-3-3-3zM8 5h8v3H8V5zm8 12v2H8v-4h8v2zm2-2v-2H6v2H4v-4c0-.55.45-1 1-1h14c.55 0 1 .45 1 1v4h-2z"
          />
          <circle
            cx="18"
            cy="11.5"
            r="1"
          />
        </svg>
        Print pagina
      </a>
    </li>
  </ul>
</header>
`;
